Server running on http://localhost:3001
Loading WhatsApp messages from: C:\Users\carlos raul obma\Desktop\epikaizo\data\whatsapp_messages.json
Ensuring messages file at: C:\Users\carlos raul obma\Desktop\epikaizo\data\whatsapp_messages.json
Messages file exists: true
Loaded 0 messages
Loading WhatsApp messages from: C:\Users\carlos raul obma\Desktop\epikaizo\data\whatsapp_messages.json
Ensuring messages file at: C:\Users\carlos raul obma\Desktop\epikaizo\data\whatsapp_messages.json
Messages file exists: true
Loaded 0 messages
Loading WhatsApp messages from: C:\Users\carlos raul obma\Desktop\epikaizo\data\whatsapp_messages.json
Ensuring messages file at: C:\Users\carlos raul obma\Desktop\epikaizo\data\whatsapp_messages.json
Messages file exists: true
Loaded 0 messages
Loading WhatsApp messages from: C:\Users\carlos raul obma\Desktop\epikaizo\data\whatsapp_messages.json
Ensuring messages file at: C:\Users\carlos raul obma\Desktop\epikaizo\data\whatsapp_messages.json
Messages file exists: true
Loaded 0 messages
Loading WhatsApp messages from: C:\Users\carlos raul obma\Desktop\epikaizo\data\whatsapp_messages.json
Ensuring messages file at: C:\Users\carlos raul obma\Desktop\epikaizo\data\whatsapp_messages.json
Messages file exists: true
Loaded 0 messages
Loading WhatsApp messages from: C:\Users\carlos raul obma\Desktop\epikaizo\data\whatsapp_messages.json
Ensuring messages file at: C:\Users\carlos raul obma\Desktop\epikaizo\data\whatsapp_messages.json
Messages file exists: true
Loaded 0 messages
Loading WhatsApp messages from: C:\Users\carlos raul obma\Desktop\epikaizo\data\whatsapp_messages.json
Ensuring messages file at: C:\Users\carlos raul obma\Desktop\epikaizo\data\whatsapp_messages.json
Messages file exists: true
Loaded 0 messages
Loading WhatsApp messages from: C:\Users\carlos raul obma\Desktop\epikaizo\data\whatsapp_messages.json
Ensuring messages file at: C:\Users\carlos raul obma\Desktop\epikaizo\data\whatsapp_messages.json
Messages file exists: true
Loaded 0 messages
Loading WhatsApp messages from: C:\Users\carlos raul obma\Desktop\epikaizo\data\whatsapp_messages.json
Ensuring messages file at: C:\Users\carlos raul obma\Desktop\epikaizo\data\whatsapp_messages.json
Messages file exists: true
Loaded 0 messages
Loading WhatsApp messages from: C:\Users\carlos raul obma\Desktop\epikaizo\data\whatsapp_messages.json
Ensuring messages file at: C:\Users\carlos raul obma\Desktop\epikaizo\data\whatsapp_messages.json
Messages file exists: true
Loaded 0 messages
Loading WhatsApp messages from: C:\Users\carlos raul obma\Desktop\epikaizo\data\whatsapp_messages.json
Ensuring messages file at: C:\Users\carlos raul obma\Desktop\epikaizo\data\whatsapp_messages.json
Messages file exists: true
Loaded 0 messages
Loading WhatsApp messages from: C:\Users\carlos raul obma\Desktop\epikaizo\data\whatsapp_messages.json
Ensuring messages file at: C:\Users\carlos raul obma\Desktop\epikaizo\data\whatsapp_messages.json
Messages file exists: true
Loaded 0 messages
Loading WhatsApp messages from: C:\Users\carlos raul obma\Desktop\epikaizo\data\whatsapp_messages.json
Ensuring messages file at: C:\Users\carlos raul obma\Desktop\epikaizo\data\whatsapp_messages.json
Messages file exists: true
Loaded 0 messages
