HTTP 5624: SERVER new http connection
(node:5624) Warning: Setting the NODE_DEBUG environment variable to 'http' can expose sensitive data (such as passwords, tokens and authentication headers) in the resulting log.
(Use `node --trace-warnings ...` to show where the warning was created)
HTTP 5624: SERVER socketOnParserExecute 180
HTTP 5624: write ret = true
HTTP 5624: outgoing message end.
HTTP 5624: server socket close
HTTP 5624: SERVER new http connection
HTTP 5624: SERVER new http connection
HTTP 5624: SERVER new http connection
HTTP 5624: outgoing message end.
HTTP 5624: SERVER socketOnParserExecute 508
HTTP 5624: outgoing message end.
HTTP 5624: SERVER socketOnParserExecute 508
HTTP 5624: outgoing message end.
HTTP 5624: SERVER socketOnParserExecute 508
HTTP 5624: SERVER socketOnParserExecute 570
HTTP 5624: write ret = true
HTTP 5624: outgoing message end.
HTTP 5624: outgoing message end.
HTTP 5624: SERVER socketOnParserExecute 504
HTTP 5624: SERVER socketOnParserExecute 566
HTTP 5624: write ret = true
HTTP 5624: outgoing message end.
HTTP 5624: server socket close
HTTP 5624: server socket close
HTTP 5624: server socket close
HTTP 5624: SERVER new http connection
HTTP 5624: SERVER new http connection
HTTP 5624: outgoing message end.
HTTP 5624: SERVER socketOnParserExecute 505
HTTP 5624: SERVER socketOnParserExecute 564
HTTP 5624: SERVER socketOnParserExecute 567
HTTP 5624: write ret = true
HTTP 5624: outgoing message end.
HTTP 5624: write ret = true
HTTP 5624: outgoing message end.
HTTP 5624: outgoing message end.
HTTP 5624: SERVER socketOnParserExecute 505
HTTP 5624: SERVER socketOnParserExecute 567
HTTP 5624: write ret = true
HTTP 5624: outgoing message end.
HTTP 5624: outgoing message end.
HTTP 5624: SERVER socketOnParserExecute 506
HTTP 5624: SERVER socketOnParserExecute 568
HTTP 5624: write ret = true
HTTP 5624: outgoing message end.
HTTP 5624: outgoing message end.
HTTP 5624: SERVER socketOnParserExecute 508
HTTP 5624: SERVER socketOnParserExecute 570
HTTP 5624: write ret = true
HTTP 5624: outgoing message end.
HTTP 5624: outgoing message end.
HTTP 5624: SERVER socketOnParserExecute 509
HTTP 5624: SERVER socketOnParserExecute 571
HTTP 5624: write ret = true
HTTP 5624: outgoing message end.
HTTP 5624: outgoing message end.
HTTP 5624: SERVER socketOnParserExecute 509
HTTP 5624: SERVER socketOnParserExecute 571
HTTP 5624: write ret = true
HTTP 5624: outgoing message end.
HTTP 5624: outgoing message end.
HTTP 5624: SERVER socketOnParserExecute 513
HTTP 5624: SERVER socketOnParserExecute 575
HTTP 5624: write ret = true
HTTP 5624: outgoing message end.
HTTP 5624: server socket close
HTTP 5624: server socket close
HTTP 5624: SERVER new http connection
HTTP 5624: SERVER socketOnParserExecute 564
HTTP 5624: write ret = true
HTTP 5624: outgoing message end.
HTTP 5624: server socket close
HTTP 5624: SERVER new http connection
HTTP 5624: SERVER socketOnParserExecute 564
HTTP 5624: write ret = true
HTTP 5624: outgoing message end.
HTTP 5624: server socket close
HTTP 5624: SERVER new http connection
HTTP 5624: SERVER socketOnParserExecute 564
HTTP 5624: write ret = true
HTTP 5624: outgoing message end.
HTTP 5624: server socket close
HTTP 5624: SERVER new http connection
HTTP 5624: SERVER socketOnParserExecute 564
HTTP 5624: write ret = true
HTTP 5624: outgoing message end.
HTTP 5624: SERVER socketOnParserExecute 564
HTTP 5624: write ret = true
HTTP 5624: outgoing message end.
HTTP 5624: server socket close
HTTP 5624: SERVER new http connection
HTTP 5624: SERVER socketOnParserExecute 564
HTTP 5624: write ret = true
HTTP 5624: outgoing message end.
HTTP 5624: server socket close
HTTP 5624: SERVER new http connection
HTTP 5624: SERVER socketOnParserExecute 564
HTTP 5624: write ret = true
HTTP 5624: outgoing message end.
HTTP 5624: server socket close
HTTP 5624: SERVER new http connection
HTTP 5624: SERVER socketOnParserExecute 564
HTTP 5624: write ret = true
HTTP 5624: outgoing message end.
HTTP 5624: server socket close
HTTP 5624: SERVER new http connection
HTTP 5624: SERVER socketOnParserExecute 564
HTTP 5624: write ret = true
HTTP 5624: outgoing message end.
HTTP 5624: SERVER socketOnParserExecute 564
HTTP 5624: write ret = true
HTTP 5624: outgoing message end.
HTTP 5624: SERVER socketOnParserExecute 564
HTTP 5624: write ret = true
HTTP 5624: outgoing message end.
HTTP 5624: server socket close
